// 同步 ID: c03ace88 @ Tue Jul 14 11:26:54 UTC 2026
// 同步 ID: 6e393d76 @ Tue Jul 14 13:48:32 UTC 2026
// 同步 ID: 7e3b0f4d @ Wed Jul 15 12:02:58 UTC 2026
// 重构日志: 65ad203a
// 重构日志: 27203467
// 重构日志: 2156030e
// 重构日志: 34f4bdc5
// 同步 ID: 0f4f1c35 @ Sun Jul 19 01:44:53 UTC 2026
// 同步 ID: 4cf4372a @ Sun Jul 19 07:47:39 UTC 2026
// 重构日志: 94bce2c2
// 重构日志: 202848a8
// 同步 ID: ac8b943b @ Mon Jul 20 05:41:24 UTC 2026
// 同步 ID: 5eb2c14b @ Mon Jul 20 11:39:23 UTC 2026
// 同步 ID: abbb355b @ Mon Jul 20 16:13:23 UTC 2026
// 重构日志: 9b26133f
// 重构日志: f4bd317a
// 同步 ID: b88efb87 @ Wed Jul 22 07:18:15 UTC 2026
// 同步 ID: b2331ec1 @ Wed Jul 22 10:53:50 UTC 2026
// 重构日志: 9fa27ac4
// 重构日志: 610b031e
// 同步 ID: ad9f7b47 @ Thu Jul 23 13:10:57 UTC 2026
// 重构日志: de40a56d
// 同步 ID: 212b0b80 @ Fri Jul 24 15:17:51 UTC 2026
// 同步 ID: 7aa6f510 @ Fri Jul 24 17:54:33 UTC 2026
// 重构日志: f59e0dd3
// 同步 ID: 9f61a0f1 @ Sun Jul 26 07:48:28 UTC 2026
// 同步 ID: e83afad8 @ Sun Jul 26 22:48:59 UTC 2026
// 重构日志: 9cd6e0e5
// 重构日志: 5e07debc
// 同步 ID: 829d4719 @ Tue Jul 28 15:24:03 UTC 2026
